<testsuites name="results">
  <testsuite name="all" package="all">
    <property name="random_seed" value="1737415558" />
    <testcase name="test_bcd_to_7seg" classname="test" file="/Users/roshenramnarine/Downloads/tt10_bcd_7seg/test/test.py" lineno="5" time="0.0007958412170410156" sim_time_ns="20.001" ratio_time="25131.897634511686" />
  </testsuite>
</testsuites>
